// Jest Snapshot v1, https://goo.gl/fbAQLP

exports[`Footer Component should match a snapshot correctly 1`] = `
Stream {
  "_d": false,
  "_dl": Object {},
  "_err": Object {},
  "_ils": Array [],
  "_prod": MapOp {
    "f": [Function],
    "ins": Stream {
      "_d": false,
      "_dl": Object {},
      "_err": Object {},
      "_ils": Array [],
      "_prod": FromArray {
        "a": Array [
          <div.Footer>
            <a.Footer-link
              attrs={
                Object {
                  "href": "https://cycle.js.org/",
                  "target": "_blank",
                }
              }
            >
              Built with CycleJS
              <div.Footer-cycle-logo />
            </a.Footer-link>
            <a.Footer-link
              attrs={
                Object {
                  "href": "https://github.com/olpeh/meeting-price-calculator",
                  "target": "_blank",
                }
              }
            >
              By olpeh
              <div.Footer-github-logo />
            </a.Footer-link>
          </div.Footer>,
        ],
        "type": "fromArray",
      },
      "_stopID": Object {},
      "_target": Object {},
    },
    "out": Object {},
    "type": "map",
  },
  "_stopID": Object {},
  "_target": Object {},
}
`;
